// Jest Snapshot v1, https://goo.gl/fbAQLP

exports[`SeedProvider should render correctly 1`] = `<ActivityIndicator />`;
